--------- beginning of /dev/log/system
10-20 16:53:45.719 W/ActivityManager(  504): No content provider found for permission revoke: file:///data/local/tmp/BenchmarkTool.apk
10-20 16:53:46.259 W/ActivityManager(  504): No content provider found for permission revoke: file:///data/local/tmp/BenchmarkTool.apk
10-20 16:53:46.840 W/PackageManager(  504): Code path for pkg : com.example.benchmarktool changing from /data/app/com.example.benchmarktool-2.apk to /data/app/com.example.benchmarktool-1.apk
10-20 16:53:46.840 W/PackageManager(  504): Resource path for pkg : com.example.benchmarktool changing from /data/app/com.example.benchmarktool-2.apk to /data/app/com.example.benchmarktool-1.apk
10-20 16:53:47.481 W/ContextImpl(27761): Calling a method in the system process without a qualified user: android.app.ContextImpl.startService:1352 android.content.ContextWrapper.startService:450 android.content.ContextWrapper.startService:450 com.android.keychain.KeyChainBroadcastReceiver.onReceive:12 android.app.ActivityThread.handleReceiver:2376 
10-20 16:53:48.632 W/ActivityManager(  504): Scheduling restart of crashed service com.android.chrome/org.chromium.content.app.SandboxedProcessService2 in 5000ms
10-20 16:53:49.323 W/ActivityManager(  504): Permission denied: checkComponentPermission() owningUid=10059
10-20 16:53:49.323 W/ActivityManager(  504): Permission denied: checkComponentPermission() owningUid=10059
10-20 16:53:49.363 W/ActivityManager(  504): Permission denied: checkComponentPermission() owningUid=10059
10-20 16:53:49.363 W/ActivityManager(  504): Permission denied: checkComponentPermission() owningUid=10059
10-20 16:53:49.403 W/ActivityManager(  504): Permission denied: checkComponentPermission() owningUid=10059
10-20 16:53:49.403 W/ActivityManager(  504): Permission denied: checkComponentPermission() owningUid=10059
10-20 16:53:49.433 W/ActivityManager(  504): Permission denied: checkComponentPermission() owningUid=10059
10-20 16:53:49.433 W/ActivityManager(  504): Permission denied: checkComponentPermission() owningUid=10059
10-20 16:53:49.453 W/ActivityManager(  504): Permission denied: checkComponentPermission() owningUid=10059
10-20 16:53:49.453 W/ActivityManager(  504): Permission denied: checkComponentPermission() owningUid=10059
10-20 16:53:52.386 W/ActivityManager(  504): Activity pause timeout for ActivityRecord{414a7e88 u0 com.example.benchmarktool/.BenchmarkActivity}
10-20 16:54:02.777 W/ActivityManager(  504): Activity stop timeout for ActivityRecord{414a7e88 u0 com.example.benchmarktool/.BenchmarkActivity}
10-20 16:54:04.359 W/ActivityManager(  504): Launch timeout has expired, giving up wake lock!
10-20 16:54:04.359 W/ActivityManager(  504): Activity idle timeout for ActivityRecord{414a7e88 u0 com.example.benchmarktool/.BenchmarkActivity}
10-20 16:56:33.388 W/ThrottleService(  504): unable to find stats for iface rmnet_usb0
10-20 16:58:43.537 W/InputMethodManagerService(  504): Window already focused, ignoring focus gain of: com.android.internal.view.IInputMethodClient$Stub$Proxy@41a78040 attribute=null, token = android.os.BinderProxy@41e923d0
10-20 16:59:06.671 W/ProcessStats(  504): Skipping unknown process pid 29207
10-20 16:59:38.475 W/PackageManager(  504): Couldn't delete native library directory /data/app-lib/com.example.benchmarktool
10-20 16:59:38.886 W/ContextImpl(27761): Calling a method in the system process without a qualified user: android.app.ContextImpl.startService:1352 android.content.ContextWrapper.startService:450 android.content.ContextWrapper.startService:450 com.android.keychain.KeyChainBroadcastReceiver.onReceive:12 android.app.ActivityThread.handleReceiver:2376 
10-20 16:59:40.467 W/ActivityManager(  504): Permission denied: checkComponentPermission() owningUid=10059
10-20 16:59:40.467 W/ActivityManager(  504): Permission denied: checkComponentPermission() owningUid=10059
10-20 16:59:40.527 W/ActivityManager(  504): Permission denied: checkComponentPermission() owningUid=10059
10-20 16:59:40.527 W/ActivityManager(  504): Permission denied: checkComponentPermission() owningUid=10059
10-20 16:59:40.547 W/ActivityManager(  504): Permission denied: checkComponentPermission() owningUid=10059
10-20 16:59:40.547 W/ActivityManager(  504): Permission denied: checkComponentPermission() owningUid=10059
10-20 16:59:40.557 W/ActivityManager(  504): Permission denied: checkComponentPermission() owningUid=10059
10-20 16:59:40.557 W/ActivityManager(  504): Permission denied: checkComponentPermission() owningUid=10059
10-20 16:59:40.577 W/ActivityManager(  504): Permission denied: checkComponentPermission() owningUid=10059
10-20 16:59:40.577 W/ActivityManager(  504): Permission denied: checkComponentPermission() owningUid=10059
10-20 16:59:44.341 W/ActivityManager(  504): No content provider found for permission revoke: file:///data/local/tmp/BenchmarkTool.apk
10-20 16:59:44.792 W/ActivityManager(  504): No content provider found for permission revoke: file:///data/local/tmp/BenchmarkTool.apk
10-20 16:59:47.455 W/ActivityManager(  504): Permission denied: checkComponentPermission() owningUid=10059
10-20 16:59:47.455 W/ActivityManager(  504): Permission denied: checkComponentPermission() owningUid=10059
10-20 16:59:47.475 W/ActivityManager(  504): Permission denied: checkComponentPermission() owningUid=10059
10-20 16:59:47.475 W/ActivityManager(  504): Permission denied: checkComponentPermission() owningUid=10059
10-20 16:59:47.485 W/ActivityManager(  504): Permission denied: checkComponentPermission() owningUid=10059
10-20 16:59:47.485 W/ActivityManager(  504): Permission denied: checkComponentPermission() owningUid=10059
10-20 16:59:47.545 W/ActivityManager(  504): Permission denied: checkComponentPermission() owningUid=10059
10-20 16:59:47.545 W/ActivityManager(  504): Permission denied: checkComponentPermission() owningUid=10059
10-20 16:59:47.555 W/ActivityManager(  504): Permission denied: checkComponentPermission() owningUid=10059
10-20 16:59:47.555 W/ActivityManager(  504): Permission denied: checkComponentPermission() owningUid=10059
10-20 16:59:48.606 W/ProcessStats(  504): Skipping unknown process pid 29585
10-20 16:59:48.606 W/ProcessStats(  504): Skipping unknown process pid 29587
10-20 17:04:14.990 W/ProcessStats(  504): Skipping unknown process pid 30390
10-20 17:04:14.990 W/ProcessStats(  504): Skipping unknown process pid 30392
10-20 17:04:14.990 W/ProcessStats(  504): Skipping unknown process pid 30393
10-20 17:06:33.388 W/ThrottleService(  504): unable to find stats for iface rmnet_usb0
10-20 17:11:36.011 W/ActivityManager(  504): Activity pause timeout for ActivityRecord{422ee248 u0 com.example.benchmarktool/.BenchmarkActivity}
10-20 17:11:46.402 W/ActivityManager(  504): Activity stop timeout for ActivityRecord{422ee248 u0 com.example.benchmarktool/.BenchmarkActivity}
10-20 17:11:48.374 W/ActivityManager(  504): Launch timeout has expired, giving up wake lock!
10-20 17:11:48.384 W/ActivityManager(  504): Activity idle timeout for ActivityRecord{422ee248 u0 com.example.benchmarktool/.BenchmarkActivity}
10-20 17:12:00.757 E/ActivityManager(  504): ANR in com.example.benchmarktool (com.example.benchmarktool/.BenchmarkActivity)
10-20 17:12:00.757 E/ActivityManager(  504): Reason: keyDispatchingTimedOut
10-20 17:12:00.757 E/ActivityManager(  504): Load: 6.0 / 5.67 / 4.98
10-20 17:12:00.757 E/ActivityManager(  504): CPU usage from 7980ms to 0ms ago:
10-20 17:12:00.757 E/ActivityManager(  504):   73% 25995/com.quicinc.trepn: 58% user + 14% kernel / faults: 3980 minor
10-20 17:12:00.757 E/ActivityManager(  504):   65% 29564/com.example.benchmarktool: 64% user + 0.6% kernel / faults: 1 minor
10-20 17:12:00.757 E/ActivityManager(  504):   31% 5332/com.skype.raider: 26% user + 5% kernel / faults: 542 minor
10-20 17:12:00.757 E/ActivityManager(  504):   9.3% 210/sdcard: 0.2% user + 9.1% kernel
10-20 17:12:00.757 E/ActivityManager(  504):   8.8% 504/system_server: 7.2% user + 1.6% kernel / faults: 556 minor
10-20 17:12:00.757 E/ActivityManager(  504):   6.7% 632/com.android.systemui: 5.7% user + 1% kernel / faults: 204 minor
10-20 17:12:00.757 E/ActivityManager(  504):   4.3% 120/mmcqd/0: 0% user + 4.3% kernel
10-20 17:12:00.757 E/ActivityManager(  504):   3.5% 160/surfaceflinger: 2.2% user + 1.2% kernel
10-20 17:12:00.757 E/ActivityManager(  504):   2.5% 163/mediaserver: 0% user + 2.5% kernel / faults: 1 minor
10-20 17:12:00.757 E/ActivityManager(  504):   2.3% 7808/com.google.android.deskclock: 1% user + 1.3% kernel / faults: 5 minor
10-20 17:12:00.757 E/ActivityManager(  504):   1.1% 214/adbd: 0.2% user + 0.8% kernel
10-20 17:12:00.757 E/ActivityManager(  504):   0.8% 171/mpdecision: 0.1% user + 0.7% kernel
10-20 17:12:00.757 E/ActivityManager(  504):   0.8% 614/RX_Thread: 0% user + 0.8% kernel
10-20 17:12:00.757 E/ActivityManager(  504):   0.8% 31691/kworker/2:1: 0% user + 0.8% kernel
10-20 17:12:00.757 E/ActivityManager(  504):   0.6% 25386/logcat: 0.2% user + 0.3% kernel
10-20 17:12:00.757 E/ActivityManager(  504):   0.6% 30255/kworker/1:0: 0% user + 0.6% kernel
10-20 17:12:00.757 E/ActivityManager(  504):   0.3% 209/sensors.qcom: 0% user + 0.3% kernel
10-20 17:12:00.757 E/ActivityManager(  504):   0.1% 22091/kworker/u:4: 0% user + 0.1% kernel
10-20 17:12:00.757 E/ActivityManager(  504):   0.3% 23781/kworker/0:0: 0% user + 0.3% kernel
10-20 17:12:00.757 E/ActivityManager(  504):   0.2% 613/TX_Thread: 0% user + 0.2% kernel
10-20 17:12:00.757 E/ActivityManager(  504):   0.2% 14762/com.whatsapp: 0.1% user + 0.1% kernel / faults: 1 minor
10-20 17:12:00.757 E/ActivityManager(  504):   0% 2/kthreadd: 0% user + 0% kernel
10-20 17:12:00.757 E/ActivityManager(  504):   0% 146/jbd2/mmcblk0p23: 0% user + 0% kernel
10-20 17:12:00.757 E/ActivityManager(  504):   0% 9144/com.tencent.mm: 0% user + 0% kernel
10-20 17:12:00.757 E/ActivityManager(  504):   0.1% 24625/kworker/u:2: 0% user + 0.1% kernel
10-20 17:12:00.757 E/ActivityManager(  504):  +0% 31724/kworker/2:2: 0% user + 0% kernel
10-20 17:12:00.757 E/ActivityManager(  504):  +0% 31740/migration/3: 0% user + 0% kernel
10-20 17:12:00.757 E/ActivityManager(  504):  +0% 31741/kworker/3:0: 0% user + 0% kernel
10-20 17:12:00.757 E/ActivityManager(  504):  +0% 31742/ksoftirqd/3: 0% user + 0% kernel
10-20 17:12:00.757 E/ActivityManager(  504):  +0% 31743/kworker/3:1: 0% user + 0% kernel
10-20 17:12:00.757 E/ActivityManager(  504): 65% TOTAL: 46% user + 11% kernel + 7% iowait + 0.1% softirq
10-20 17:12:00.757 E/ActivityManager(  504): CPU usage from 1391ms to 1928ms later:
10-20 17:12:00.757 E/ActivityManager(  504):   62% 25995/com.quicinc.trepn: 42% user + 20% kernel / faults: 192 minor
10-20 17:12:00.757 E/ActivityManager(  504):     18% 25999/GC: 18% user + 0% kernel
10-20 17:12:00.757 E/ActivityManager(  504):     18% 26034/Thread-1183: 14% user + 3.7% kernel
10-20 17:12:00.757 E/ActivityManager(  504):     18% 26036/Thread-1185: 9.2% user + 9.2% kernel
10-20 17:12:00.757 E/ActivityManager(  504):     1.8% 26039/Thread-1188: 1.8% user + 0% kernel
10-20 17:12:00.757 E/ActivityManager(  504):     1.8% 26040/Thread-1189: 1.8% user + 0% kernel
10-20 17:12:00.757 E/ActivityManager(  504):   29% 5332/com.skype.raider: 25% user + 3.7% kernel / faults: 36 minor
10-20 17:12:00.757 E/ActivityManager(  504):     9.2% 27555/AudioRecord: 7.4% user + 1.8% kernel
10-20 17:12:00.757 E/ActivityManager(  504):     7.4% 27566/Thread-292: 7.4% user + 0% kernel
10-20 17:12:00.757 E/ActivityManager(  504):     3.7% 5422/Thread-292: 1.8% user + 1.8% kernel
10-20 17:12:00.757 E/ActivityManager(  504):     3.7% 5424/Thread-292: 3.7% user + 0% kernel
10-20 17:12:00.757 E/ActivityManager(  504):     3.7% 27240/AudioTrack: 3.7% user + 0% kernel
10-20 17:12:00.757 E/ActivityManager(  504):     1.8% 5969/er$SensorThread: 1.8% user + 0% kernel
10-20 17:12:00.757 E/ActivityManager(  504):     1.8% 27239/Thread-292: 1.8% user + 0% kernel
10-20 17:12:00.757 E/ActivityManager(  504):     1.8% 31537/Thread-292: 1.8% user + 0% kernel
10-20 17:12:00.757 E/ActivityManager(  504):   15% 632/com.android.systemui: 15% user + 0% kernel / faults: 205 minor
10-20 17:12:00.757 E/ActivityManager(  504):     6.6% 632/ndroid.systemui: 6.6% user + 0% kernel
10-20 17:12:00.757 E/ActivityManager(  504):     5.5% 641/GC: 5.5% user + 0% kernel
10-20 17:12:00.757 E/ActivityManager(  504):     2.2% 647/FinalizerDaemon: 2.2% user + 0% kernel
10-20 17:12:00.757 E/ActivityManager(  504):     1.1% 646/ReferenceQueueD: 1.1% user + 0% kernel
10-20 17:12:00.757 E/ActivityManager(  504):     1.1% 654/Binder_2: 1.1% user + 0% kernel
10-20 17:12:00.757 E/ActivityManager(  504):   20% 504/system_server: 14% user + 5.5% kernel / faults: 8 minor
10-20 17:12:00.757 E/ActivityManager(  504):     5.5% 580/InputDispatcher: 1.8% user + 3.7% kernel
10-20 17:12:00.757 E/ActivityManager(  504):     1.8% 515/Binder_2: 1.8% user + 0% kernel
10-20 17:12:00.757 E/ActivityManager(  504):     1.8% 579/er$SensorThread: 1.8% user + 0% kernel
10-20 17:12:00.757 E/ActivityManager(  504):     1.8% 749/Binder_4: 1.8% user + 0% kernel
10-20 17:12:00.757 E/ActivityManager(  504):     1.8% 773/Binder_5: 1.8% user + 0% kernel
10-20 17:12:00.757 E/ActivityManager(  504):     1.8% 853/Binder_8: 1.8% user + 0% kernel
10-20 17:12:00.757 E/ActivityManager(  504):     1.8% 981/Binder_9: 1.8% user + 0% kernel
10-20 17:12:00.757 E/ActivityManager(  504):     1.8% 986/Binder_A: 1.8% user + 0% kernel
10-20 17:12:00.757 E/ActivityManager(  504):     1.8% 22661/Binder_C: 0% user + 1.8% kernel
10-20 17:12:00.757 E/ActivityManager(  504):     1.8% 22662/Binder_D: 1.8% user + 0% kernel
10-20 17:12:00.757 E/ActivityManager(  504):   11% 210/sdcard: 0% user + 11% kernel
10-20 17:12:00.757 E/ActivityManager(  504):     5.5% 210/sdcard: 0% user + 5.5% kernel
10-20 17:12:00.757 E/ActivityManager(  504):     5.5% 221/sdcard: 1.8% user + 3.7% kernel
10-20 17:12:00.757 E/ActivityManager(  504):   3.7% 120/mmcqd/0: 0% user + 3.7% kernel
10-20 17:12:00.757 E/ActivityManager(  504):   2.1% 160/surfaceflinger: 1% user + 1% kernel
10-20 17:12:00.757 E/ActivityManager(  504):     2.1% 409/EventThread: 2.1% user + 0% kernel
10-20 17:12:00.757 E/ActivityManager(  504):     1% 229/SurfaceFlinger: 1% user + 0% kernel
10-20 17:12:00.757 E/ActivityManager(  504):     1% 574/Binder_2: 0% user + 1% kernel
10-20 17:12:00.757 E/ActivityManager(  504):   3.7% 163/mediaserver: 0% user + 3.7% kernel
10-20 17:12:00.757 E/ActivityManager(  504):     1.8% 559/FastMixer: 0% user + 1.8% kernel
10-20 17:12:00.757 E/ActivityManager(  504):   1% 214/adbd: 0% user + 1% kernel
10-20 17:12:00.757 E/ActivityManager(  504):     1% 214/adbd: 1% user + 0% kernel
10-20 17:12:00.757 E/ActivityManager(  504):     1% 22037/adbd: 0% user + 1% kernel
10-20 17:12:00.757 E/ActivityManager(  504):   1.8% 7808/com.google.and
10-20 17:12:03.740 W/ActivityManager(  504):   Force finishing activity com.example.benchmarktool/.BenchmarkActivity
10-20 17:12:04.231 W/InputMethodManagerService(  504): Got RemoteException sending setActive(false) notification to pid 29564 uid 10084
10-20 17:12:33.933 W/ActivityManager(  504): No content provider found for permission revoke: file:///data/local/tmp/BenchmarkTool.apk
10-20 17:12:34.383 W/ActivityManager(  504): No content provider found for permission revoke: file:///data/local/tmp/BenchmarkTool.apk
10-20 17:12:34.964 W/PackageManager(  504): Code path for pkg : com.example.benchmarktool changing from /data/app/com.example.benchmarktool-1.apk to /data/app/com.example.benchmarktool-2.apk
10-20 17:12:34.964 W/PackageManager(  504): Resource path for pkg : com.example.benchmarktool changing from /data/app/com.example.benchmarktool-1.apk to /data/app/com.example.benchmarktool-2.apk
10-20 17:12:35.474 W/ContextImpl(31874): Calling a method in the system process without a qualified user: android.app.ContextImpl.startService:1352 android.content.ContextWrapper.startService:450 android.content.ContextWrapper.startService:450 com.android.keychain.KeyChainBroadcastReceiver.onReceive:12 android.app.ActivityThread.handleReceiver:2376 
10-20 17:12:37.507 W/ActivityManager(  504): Permission denied: checkComponentPermission() owningUid=10059
10-20 17:12:37.507 W/ActivityManager(  504): Permission denied: checkComponentPermission() owningUid=10059
10-20 17:12:37.537 W/ActivityManager(  504): Permission denied: checkComponentPermission() owningUid=10059
10-20 17:12:37.537 W/ActivityManager(  504): Permission denied: checkComponentPermission() owningUid=10059
10-20 17:12:37.547 W/ActivityManager(  504): Permission denied: checkComponentPermission() owningUid=10059
10-20 17:12:37.547 W/ActivityManager(  504): Permission denied: checkComponentPermission() owningUid=10059
10-20 17:12:37.567 W/ActivityManager(  504): Permission denied: checkComponentPermission() owningUid=10059
10-20 17:12:37.567 W/ActivityManager(  504): Permission denied: checkComponentPermission() owningUid=10059
10-20 17:12:41.771 W/ActivityManager(  504): Activity pause timeout for ActivityRecord{41c45ce0 u0 com.example.benchmarktool/.BenchmarkActivity}
10-20 17:12:51.642 W/ProcessStats(  504): Skipping unknown process pid 32084
10-20 17:12:51.642 W/ProcessStats(  504): Skipping unknown process pid 32086
10-20 17:13:40.904 W/ActivityManager(  504): Scheduling restart of crashed service com.google.android.apps.currents/com.google.apps.dots.android.dotslib.service.AudioPlayerService in 5000ms
10-20 17:16:33.388 W/ThrottleService(  504): unable to find stats for iface rmnet_usb0
10-20 17:19:32.980 W/ProcessStats(  504): Skipping unknown process pid 2217
10-20 17:19:32.980 W/ProcessStats(  504): Skipping unknown process pid 2219
10-20 17:26:33.388 W/ThrottleService(  504): unable to find stats for iface rmnet_usb0
10-20 17:30:03.332 W/WindowManager(  504): App freeze timeout expired.
10-20 17:30:23.244 W/ActivityManager(  504): Scheduling restart of crashed service com.tencent.mm/.booter.NotifyReceiver$NotifyService in 5000ms
10-20 17:30:28.359 E/ActivityThread( 4675): Failed to find provider info for com.tencent.mm.coolassist.debugprovider
10-20 17:36:33.399 W/ThrottleService(  504): unable to find stats for iface rmnet_usb0
10-20 17:46:33.399 W/ThrottleService(  504): unable to find stats for iface rmnet_usb0
10-20 17:46:50.287 W/ActivityManager(  504): Unable to start service Intent { act=com.google.android.gms.analytics.service.START (has extras) } U=0: not found
10-20 17:46:55.292 W/ActivityManager(  504): Unable to start service Intent { act=com.google.android.gms.analytics.service.START (has extras) } U=0: not found
10-20 17:53:03.655 W/ActivityManager(  504): startActivity called from non-Activity context; forcing Intent.FLAG_ACTIVITY_NEW_TASK for: Intent { act=android.intent.action.MAIN cat=[android.intent.category.LAUNCHER] cmp=com.quicinc.trepn/.userinterface.main.TrepnActivity bnds=[0,215][1196,343] }
10-20 17:53:06.749 W/InputMethodManagerService(  504): Window already focused, ignoring focus gain of: com.android.internal.view.IInputMethodClient$Stub$Proxy@41e64b98 attribute=null, token = android.os.BinderProxy@41dec700
10-20 17:53:24.017 W/ActivityManager(  504): Scheduling restart of crashed service com.android.chrome/org.chromium.content.app.SandboxedProcessService6 in 5000ms
10-20 17:53:25.609 W/ActivityManager(  504): Scheduling restart of crashed service com.android.chrome/org.chromium.content.app.SandboxedProcessService5 in 5000ms
10-20 17:56:33.399 W/ThrottleService(  504): unable to find stats for iface rmnet_usb0
10-20 17:57:48.840 W/ActivityManager(  504): No content provider found for permission revoke: file:///data/local/tmp/BenchmarkTool.apk
10-20 17:57:49.621 W/ActivityManager(  504): No content provider found for permission revoke: file:///data/local/tmp/BenchmarkTool.apk
10-20 17:57:50.281 W/PackageManager(  504): Code path for pkg : com.example.benchmarktool changing from /data/app/com.example.benchmarktool-2.apk to /data/app/com.example.benchmarktool-1.apk
10-20 17:57:50.281 W/PackageManager(  504): Resource path for pkg : com.example.benchmarktool changing from /data/app/com.example.benchmarktool-2.apk to /data/app/com.example.benchmarktool-1.apk
10-20 17:57:50.812 W/ContextImpl(10013): Calling a method in the system process without a qualified user: android.app.ContextImpl.startService:1352 android.content.ContextWrapper.startService:450 android.content.ContextWrapper.startService:450 com.android.keychain.KeyChainBroadcastReceiver.onReceive:12 android.app.ActivityThread.handleReceiver:2376 
10-20 17:57:51.402 W/ActivityManager(  504): Scheduling restart of crashed service com.android.providers.media/.MtpService in 5000ms
10-20 17:57:52.263 W/ActivityManager(  504): Activity pause timeout for ActivityRecord{41a7ac18 u0 com.skype.raider/com.skype.android.app.calling.CallActivity}
10-20 17:57:54.516 W/ActivityManager(  504): Permission denied: checkComponentPermission() owningUid=10059
10-20 17:57:54.516 W/ActivityManager(  504): Permission denied: checkComponentPermission() owningUid=10059
10-20 17:57:54.546 W/ActivityManager(  504): Permission denied: checkComponentPermission() owningUid=10059
10-20 17:57:54.546 W/ActivityManager(  504): Permission denied: checkComponentPermission() owningUid=10059
10-20 17:57:54.566 W/ActivityManager(  504): Permission denied: checkComponentPermission() owningUid=10059
10-20 17:57:54.566 W/ActivityManager(  504): Permission denied: checkComponentPermission() owningUid=10059
10-20 17:57:54.616 W/ActivityManager(  504): Permission denied: checkComponentPermission() owningUid=10059
10-20 17:57:54.616 W/ActivityManager(  504): Permission denied: checkComponentPermission() owningUid=10059
10-20 17:57:54.636 W/ActivityManager(  504): Permission denied: checkComponentPermission() owningUid=10059
10-20 17:57:54.636 W/ActivityManager(  504): Permission denied: checkComponentPermission() owningUid=10059
10-20 17:57:56.728 W/ActivityManager(  504): Activity pause timeout for ActivityRecord{414a7e88 u0 com.example.benchmarktool/.BenchmarkActivity}
10-20 17:58:00.632 W/ActivityManager(  504): Force removing ActivityRecord{414a7e88 u0 com.example.benchmarktool/.BenchmarkActivity}: app died, no saved state
10-20 17:59:13.530 W/ActivityManager(  504): No content provider found for permission revoke: file:///data/local/tmp/BenchmarkTool.apk
10-20 17:59:13.900 W/ActivityManager(  504): No content provider found for permission revoke: file:///data/local/tmp/BenchmarkTool.apk
10-20 17:59:14.451 W/PackageManager(  504): Code path for pkg : com.example.benchmarktool changing from /data/app/com.example.benchmarktool-1.apk to /data/app/com.example.benchmarktool-2.apk
10-20 17:59:14.451 W/PackageManager(  504): Resource path for pkg : com.example.benchmarktool changing from /data/app/com.example.benchmarktool-1.apk to /data/app/com.example.benchmarktool-2.apk
10-20 17:59:14.882 W/ContextImpl(10013): Calling a method in the system process without a qualified user: android.app.ContextImpl.startService:1352 android.content.ContextWrapper.startService:450 android.content.ContextWrapper.startService:450 com.android.keychain.KeyChainBroadcastReceiver.onReceive:12 android.app.ActivityThread.handleReceiver:2376 
10-20 17:59:16.713 W/ActivityManager(  504): Permission denied: checkComponentPermission() owningUid=10059
10-20 17:59:16.713 W/ActivityManager(  504): Permission denied: checkComponentPermission() owningUid=10059
10-20 17:59:16.733 W/ActivityManager(  504): Permission denied: checkComponentPermission() owningUid=10059
10-20 17:59:16.733 W/ActivityManager(  504): Permission denied: checkComponentPermission() owningUid=10059
10-20 17:59:16.744 W/ActivityManager(  504): Permission denied: checkComponentPermission() owningUid=10059
10-20 17:59:16.754 W/ActivityManager(  504): Permission denied: checkComponentPermission() owningUid=10059
10-20 17:59:16.764 W/ActivityManager(  504): Permission denied: checkComponentPermission() owningUid=10059
10-20 17:59:16.764 W/ActivityManager(  504): Permission denied: checkComponentPermission() owningUid=10059
10-20 17:59:18.866 W/ActivityManager(  504): Activity pause timeout for ActivityRecord{418f5418 u0 com.example.benchmarktool/.BenchmarkActivity}
10-20 17:59:23.040 W/ActivityManager(  504): Force removing ActivityRecord{418f5418 u0 com.example.benchmarktool/.BenchmarkActivity}: app died, no saved state
10-20 18:00:34.627 W/ActivityManager(  504): No content provider found for permission revoke: file:///data/local/tmp/BenchmarkTool.apk
10-20 18:00:34.967 W/ActivityManager(  504): No content provider found for permission revoke: file:///data/local/tmp/BenchmarkTool.apk
10-20 18:00:35.508 W/PackageManager(  504): Code path for pkg : com.example.benchmarktool changing from /data/app/com.example.benchmarktool-2.apk to /data/app/com.example.benchmarktool-1.apk
10-20 18:00:35.508 W/PackageManager(  504): Resource path for pkg : com.example.benchmarktool changing from /data/app/com.example.benchmarktool-2.apk to /data/app/com.example.benchmarktool-1.apk
10-20 18:00:36.689 W/ContextImpl(11093): Calling a method in the system process without a qualified user: android.app.ContextImpl.startService:1352 android.content.ContextWrapper.startService:450 android.content.ContextWrapper.startService:450 com.android.keychain.KeyChainBroadcastReceiver.onReceive:12 android.app.ActivityThread.handleReceiver:2376 
10-20 18:00:38.491 W/ActivityManager(  504): Permission denied: checkComponentPermission() owningUid=10059
10-20 18:00:38.491 W/ActivityManager(  504): Permission denied: checkComponentPermission() owningUid=10059
10-20 18:00:38.501 W/ActivityManager(  504): Permission denied: checkComponentPermission() owningUid=10059
10-20 18:00:38.501 W/ActivityManager(  504): Permission denied: checkComponentPermission() owningUid=10059
10-20 18:00:38.511 W/ActivityManager(  504): Permission denied: checkComponentPermission() owningUid=10059
10-20 18:00:38.511 W/ActivityManager(  504): Permission denied: checkComponentPermission() owningUid=10059
10-20 18:00:38.531 W/ActivityManager(  504): Permission denied: checkComponentPermission() owningUid=10059
10-20 18:00:38.531 W/ActivityManager(  504): Permission denied: checkComponentPermission() owningUid=10059
10-20 18:00:42.605 W/ActivityManager(  504): Activity pause timeout for ActivityRecord{414b2bc8 u0 com.example.benchmarktool/.BenchmarkActivity}
10-20 18:00:46.609 W/ActivityManager(  504): Force removing ActivityRecord{414b2bc8 u0 com.example.benchmarktool/.BenchmarkActivity}: app died, no saved state
10-20 18:02:54.246 W/ActivityManager(  504): No content provider found for permission revoke: file:///data/local/tmp/BenchmarkTool.apk
10-20 18:02:54.626 W/ActivityManager(  504): No content provider found for permission revoke: file:///data/local/tmp/BenchmarkTool.apk
10-20 18:02:55.177 W/PackageManager(  504): Code path for pkg : com.example.benchmarktool changing from /data/app/com.example.benchmarktool-1.apk to /data/app/com.example.benchmarktool-2.apk
10-20 18:02:55.177 W/PackageManager(  504): Resource path for pkg : com.example.benchmarktool changing from /data/app/com.example.benchmarktool-1.apk to /data/app/com.example.benchmarktool-2.apk
10-20 18:02:55.537 W/ContextImpl(11093): Calling a method in the system process without a qualified user: android.app.ContextImpl.startService:1352 android.content.ContextWrapper.startService:450 android.content.ContextWrapper.startService:450 com.android.keychain.KeyChainBroadcastReceiver.onReceive:12 android.app.ActivityThread.handleReceiver:2376 
10-20 18:02:57.329 W/ActivityManager(  504): Permission denied: checkComponentPermission() owningUid=10059
10-20 18:02:57.329 W/ActivityManager(  504): Permission denied: checkComponentPermission() owningUid=10059
10-20 18:02:57.359 W/ActivityManager(  504): Permission denied: checkComponentPermission() owningUid=10059
10-20 18:02:57.359 W/ActivityManager(  504): Permission denied: checkComponentPermission() owningUid=10059
10-20 18:02:57.379 W/ActivityManager(  504): Permission denied: checkComponentPermission() owningUid=10059
10-20 18:02:57.379 W/ActivityManager(  504): Permission denied: checkComponentPermission() owningUid=10059
10-20 18:02:57.399 W/ActivityManager(  504): Permission denied: checkComponentPermission() owningUid=10059
10-20 18:02:57.399 W/ActivityManager(  504): Permission denied: checkComponentPermission() owningUid=10059
10-20 18:02:57.399 W/ActivityManager(  504): Permission denied: checkComponentPermission() owningUid=10059
10-20 18:02:57.399 W/ActivityManager(  504): Permission denied: checkComponentPermission() owningUid=10059
10-20 18:02:59.671 W/ActivityManager(  504): Activity pause timeout for ActivityRecord{4149d480 u0 com.example.benchmarktool/.BenchmarkActivity}
10-20 18:03:03.255 W/ActivityManager(  504): Force removing ActivityRecord{4149d480 u0 com.example.benchmarktool/.BenchmarkActivity}: app died, no saved state
10-20 18:03:35.550 W/ActivityManager(  504): Force removing ActivityRecord{41f52ff0 u0 com.example.benchmarktool/.BenchmarkActivity}: app died, no saved state
10-20 18:03:35.970 W/InputMethodManagerService(  504): Got RemoteException sending setActive(false) notification to pid 12067 uid 10084
10-20 18:05:41.474 W/ActivityManager(  504): No content provider found for permission revoke: file:///data/local/tmp/BenchmarkTool.apk
10-20 18:05:41.754 W/ActivityManager(  504): No content provider found for permission revoke: file:///data/local/tmp/BenchmarkTool.apk
10-20 18:05:42.425 W/PackageManager(  504): Code path for pkg : com.example.benchmarktool changing from /data/app/com.example.benchmarktool-2.apk to /data/app/com.example.benchmarktool-1.apk
10-20 18:05:42.425 W/PackageManager(  504): Resource path for pkg : com.example.benchmarktool changing from /data/app/com.example.benchmarktool-2.apk to /data/app/com.example.benchmarktool-1.apk
10-20 18:05:43.226 W/ContextImpl(11093): Calling a method in the system process without a qualified user: android.app.ContextImpl.startService:1352 android.content.ContextWrapper.startService:450 android.content.ContextWrapper.startService:450 com.android.keychain.KeyChainBroadcastReceiver.onReceive:12 android.app.ActivityThread.handleReceiver:2376 
10-20 18:05:45.098 W/ActivityManager(  504): Permission denied: checkComponentPermission() owningUid=10059
10-20 18:05:45.098 W/ActivityManager(  504): Permission denied: checkComponentPermission() owningUid=10059
10-20 18:05:45.118 W/ActivityManager(  504): Permission denied: checkComponentPermission() owningUid=10059
10-20 18:05:45.118 W/ActivityManager(  504): Permission denied: checkComponentPermission() owningUid=10059
10-20 18:05:45.128 W/ActivityManager(  504): Permission denied: checkComponentPermission() owningUid=10059
10-20 18:05:45.128 W/ActivityManager(  504): Permission denied: checkComponentPermission() owningUid=10059
10-20 18:05:45.138 W/ActivityManager(  504): Permission denied: checkComponentPermission() owningUid=10059
10-20 18:05:45.138 W/ActivityManager(  504): Permission denied: checkComponentPermission() owningUid=10059
10-20 18:05:47.080 W/ActivityManager(  504): Activity pause timeout for ActivityRecord{41e91b88 u0 com.example.benchmarktool/.BenchmarkActivity}
10-20 18:06:33.399 W/ThrottleService(  504): unable to find stats for iface rmnet_usb0
10-20 18:14:53.223 W/ProcessStats(  504): Skipping unknown process pid 14068
10-20 18:14:53.223 W/ProcessStats(  504): Skipping unknown process pid 14069
10-20 18:16:33.410 W/ThrottleService(  504): unable to find stats for iface rmnet_usb0
10-20 18:24:00.016 W/ActivityManager(  504): Scheduling restart of crashed service com.tencent.mm/.booter.NotifyReceiver$NotifyService in 5000ms
10-20 18:24:05.162 E/ActivityThread(15792): Failed to find provider info for com.tencent.mm.coolassist.debugprovider
10-20 18:25:36.089 W/ActivityManager(  504): No content provider found for permission revoke: file:///data/local/tmp/BenchmarkTool.apk
10-20 18:25:36.479 W/ActivityManager(  504): No content provider found for permission revoke: file:///data/local/tmp/BenchmarkTool.apk
10-20 18:25:37.010 W/PackageManager(  504): Code path for pkg : com.example.benchmarktool changing from /data/app/com.example.benchmarktool-1.apk to /data/app/com.example.benchmarktool-2.apk
10-20 18:25:37.010 W/PackageManager(  504): Resource path for pkg : com.example.benchmarktool changing from /data/app/com.example.benchmarktool-1.apk to /data/app/com.example.benchmarktool-2.apk
10-20 18:25:37.570 W/ContextImpl(16046): Calling a method in the system process without a qualified user: android.app.ContextImpl.startService:1352 android.content.ContextWrapper.startService:450 android.content.ContextWrapper.startService:450 com.android.keychain.KeyChainBroadcastReceiver.onReceive:12 android.app.ActivityThread.handleReceiver:2376 
10-20 18:25:42.055 W/ActivityManager(  504): Permission denied: checkComponentPermission() owningUid=10059
10-20 18:25:42.055 W/ActivityManager(  504): Permission denied: checkComponentPermission() owningUid=10059
10-20 18:25:42.065 W/ActivityManager(  504): Permission denied: checkComponentPermission() owningUid=10059
10-20 18:25:42.065 W/ActivityManager(  504): Permission denied: checkComponentPermission() owningUid=10059
10-20 18:25:42.075 W/ActivityManager(  504): Permission denied: checkComponentPermission() owningUid=10059
10-20 18:25:42.075 W/ActivityManager(  504): Permission denied: checkComponentPermission() owningUid=10059
10-20 18:25:42.105 W/ActivityManager(  504): Permission denied: checkComponentPermission() owningUid=10059
10-20 18:25:42.105 W/ActivityManager(  504): Permission denied: checkComponentPermission() owningUid=10059
10-20 18:25:42.135 W/ActivityManager(  504): Permission denied: checkComponentPermission() owningUid=10059
10-20 18:25:42.135 W/ActivityManager(  504): Permission denied: checkComponentPermission() owningUid=10059
10-20 18:25:42.275 W/ActivityManager(  504): Activity pause timeout for ActivityRecord{414b3648 u0 com.example.benchmarktool/.BenchmarkActivity}
10-20 18:26:33.410 W/ThrottleService(  504): unable to find stats for iface rmnet_usb0
10-20 18:27:27.718 W/ActivityManager(  504): No content provider found for permission revoke: file:///data/local/tmp/BenchmarkTool.apk
10-20 18:27:28.018 W/ActivityManager(  504): No content provider found for permission revoke: file:///data/local/tmp/BenchmarkTool.apk
10-20 18:27:28.689 W/PackageManager(  504): Code path for pkg : com.example.benchmarktool changing from /data/app/com.example.benchmarktool-2.apk to /data/app/com.example.benchmarktool-1.apk
10-20 18:27:28.689 W/PackageManager(  504): Resource path for pkg : com.example.benchmarktool changing from /data/app/com.example.benchmarktool-2.apk to /data/app/com.example.benchmarktool-1.apk
10-20 18:27:29.410 W/ContextImpl(16046): Calling a method in the system process without a qualified user: android.app.ContextImpl.startService:1352 android.content.ContextWrapper.startService:450 android.content.ContextWrapper.startService:450 com.android.keychain.KeyChainBroadcastReceiver.onReceive:12 android.app.ActivityThread.handleReceiver:2376 
10-20 18:27:31.132 W/ActivityManager(  504): Permission denied: checkComponentPermission() owningUid=10059
10-20 18:27:31.132 W/ActivityManager(  504): Permission denied: checkComponentPermission() owningUid=10059
10-20 18:27:31.152 W/ActivityManager(  504): Permission denied: checkComponentPermission() owningUid=10059
10-20 18:27:31.152 W/ActivityManager(  504): Permission denied: checkComponentPermission() owningUid=10059
10-20 18:27:31.162 W/ActivityManager(  504): Permission denied: checkComponentPermission() owningUid=10059
10-20 18:27:31.162 W/ActivityManager(  504): Permission denied: checkComponentPermission() owningUid=10059
10-20 18:27:31.192 W/ActivityManager(  504): Permission denied: checkComponentPermission() owningUid=10059
10-20 18:27:31.192 W/ActivityManager(  504): Permission denied: checkComponentPermission() owningUid=10059
10-20 18:27:31.202 W/ActivityManager(  504): Permission denied: checkComponentPermission() owningUid=10059
10-20 18:27:31.202 W/ActivityManager(  504): Permission denied: checkComponentPermission() owningUid=10059
10-20 18:27:33.784 W/ActivityManager(  504): Activity pause timeout for ActivityRecord{414d9710 u0 com.example.benchmarktool/.BenchmarkActivity}
10-20 18:28:11.194 W/ActivityManager(  504): Scheduling restart of crashed service com.android.providers.media/.MtpService in 5000ms
10-20 18:29:36.625 W/ProcessStats(  504): Skipping unknown process pid 17384
10-20 18:29:36.625 W/ProcessStats(  504): Skipping unknown process pid 17386
10-20 18:29:45.525 W/ActivityManager(  504): No content provider found for permission revoke: file:///data/local/tmp/BenchmarkTool.apk
10-20 18:29:45.805 W/ActivityManager(  504): No content provider found for permission revoke: file:///data/local/tmp/BenchmarkTool.apk
10-20 18:29:46.396 W/PackageManager(  504): Code path for pkg : com.example.benchmarktool changing from /data/app/com.example.benchmarktool-1.apk to /data/app/com.example.benchmarktool-2.apk
10-20 18:29:46.396 W/PackageManager(  504): Resource path for pkg : com.example.benchmarktool changing from /data/app/com.example.benchmarktool-1.apk to /data/app/com.example.benchmarktool-2.apk
10-20 18:29:46.997 W/ContextImpl(16046): Calling a method in the system process without a qualified user: android.app.ContextImpl.startService:1352 android.content.ContextWrapper.startService:450 android.content.ContextWrapper.startService:450 com.android.keychain.KeyChainBroadcastReceiver.onReceive:12 android.app.ActivityThread.handleReceiver:2376 
10-20 18:29:48.738 W/ActivityManager(  504): Permission denied: checkComponentPermission() owningUid=10059
10-20 18:29:48.738 W/ActivityManager(  504): Permission denied: checkComponentPermission() owningUid=10059
10-20 18:29:48.778 W/ActivityManager(  504): Permission denied: checkComponentPermission() owningUid=10059
10-20 18:29:48.778 W/ActivityManager(  504): Permission denied: checkComponentPermission() owningUid=10059
10-20 18:29:48.798 W/ActivityManager(  504): Permission denied: checkComponentPermission() owningUid=10059
10-20 18:29:48.798 W/ActivityManager(  504): Permission denied: checkComponentPermission() owningUid=10059
10-20 18:29:48.818 W/ActivityManager(  504): Permission denied: checkComponentPermission() owningUid=10059
10-20 18:29:48.818 W/ActivityManager(  504): Permission denied: checkComponentPermission() owningUid=10059
10-20 18:29:48.828 W/ActivityManager(  504): Permission denied: checkComponentPermission() owningUid=10059
10-20 18:29:48.828 W/ActivityManager(  504): Permission denied: checkComponentPermission() owningUid=10059
10-20 18:29:51.712 W/ActivityManager(  504): Activity pause timeout for ActivityRecord{414d9710 u0 com.example.benchmarktool/.BenchmarkActivity}
10-20 18:32:25.546 W/ActivityManager(  504): No content provider found for permission revoke: file:///data/local/tmp/BenchmarkTool.apk
10-20 18:32:25.876 W/ActivityManager(  504): No content provider found for permission revoke: file:///data/local/tmp/BenchmarkTool.apk
10-20 18:32:26.407 W/PackageManager(  504): Code path for pkg : com.example.benchmarktool changing from /data/app/com.example.benchmarktool-2.apk to /data/app/com.example.benchmarktool-1.apk
10-20 18:32:26.407 W/PackageManager(  504): Resource path for pkg : com.example.benchmarktool changing from /data/app/com.example.benchmarktool-2.apk to /data/app/com.example.benchmarktool-1.apk
10-20 18:32:26.897 W/ContextImpl(18531): Calling a method in the system process without a qualified user: android.app.ContextImpl.startService:1352 android.content.ContextWrapper.startService:450 android.content.ContextWrapper.startService:450 com.android.keychain.KeyChainBroadcastReceiver.onReceive:12 android.app.ActivityThread.handleReceiver:2376 
10-20 18:32:28.579 W/ActivityManager(  504): Permission denied: checkComponentPermission() owningUid=10059
10-20 18:32:28.579 W/ActivityManager(  504): Permission denied: checkComponentPermission() owningUid=10059
10-20 18:32:28.629 W/ActivityManager(  504): Permission denied: checkComponentPermission() owningUid=10059
10-20 18:32:28.629 W/ActivityManager(  504): Permission denied: checkComponentPermission() owningUid=10059
10-20 18:32:28.679 W/ActivityManager(  504): Permission denied: checkComponentPermission() owningUid=10059
10-20 18:32:28.679 W/ActivityManager(  504): Permission denied: checkComponentPermission() owningUid=10059
10-20 18:32:28.689 W/ActivityManager(  504): Permission denied: checkComponentPermission() owningUid=10059
10-20 18:32:28.689 W/ActivityManager(  504): Permission denied: checkComponentPermission() owningUid=10059
10-20 18:32:28.699 W/ActivityManager(  504): Permission denied: checkComponentPermission() owningUid=10059
10-20 18:32:28.699 W/ActivityManager(  504): Permission denied: checkComponentPermission() owningUid=10059
10-20 18:32:31.122 W/ActivityManager(  504): Activity pause timeout for ActivityRecord{414d9710 u0 com.example.benchmarktool/.BenchmarkActivity}
10-20 18:36:33.420 W/ThrottleService(  504): unable to find stats for iface rmnet_usb0
10-20 18:37:24.885 W/ActivityManager(  504): No content provider found for permission revoke: file:///data/local/tmp/BenchmarkTool.apk
10-20 18:37:25.346 W/ActivityManager(  504): No content provider found for permission revoke: file:///data/local/tmp/BenchmarkTool.apk
10-20 18:37:25.896 W/PackageManager(  504): Code path for pkg : com.example.benchmarktool changing from /data/app/com.example.benchmarktool-1.apk to /data/app/com.example.benchmarktool-2.apk
10-20 18:37:25.906 W/PackageManager(  504): Resource path for pkg : com.example.benchmarktool changing from /data/app/com.example.benchmarktool-1.apk to /data/app/com.example.benchmarktool-2.apk
10-20 18:37:26.457 W/ContextImpl(18531): Calling a method in the system process without a qualified user: android.app.ContextImpl.startService:1352 android.content.ContextWrapper.startService:450 android.content.ContextWrapper.startService:450 com.android.keychain.KeyChainBroadcastReceiver.onReceive:12 android.app.ActivityThread.handleReceiver:2376 
10-20 18:37:28.028 W/ActivityManager(  504): Permission denied: checkComponentPermission() owningUid=10059
10-20 18:37:28.028 W/ActivityManager(  504): Permission denied: checkComponentPermission() owningUid=10059
10-20 18:37:28.069 W/ActivityManager(  504): Permission denied: checkComponentPermission() owningUid=10059
10-20 18:37:28.069 W/ActivityManager(  504): Permission denied: checkComponentPermission() owningUid=10059
10-20 18:37:28.089 W/ActivityManager(  504): Permission denied: checkComponentPermission() owningUid=10059
10-20 18:37:28.089 W/ActivityManager(  504): Permission denied: checkComponentPermission() owningUid=10059
10-20 18:37:28.109 W/ActivityManager(  504): Permission denied: checkComponentPermission() owningUid=10059
10-20 18:37:28.109 W/ActivityManager(  504): Permission denied: checkComponentPermission() owningUid=10059
10-20 18:37:28.119 W/ActivityManager(  504): Permission denied: checkComponentPermission() owningUid=10059
10-20 18:37:28.119 W/ActivityManager(  504): Permission denied: checkComponentPermission() owningUid=10059
10-20 18:37:30.631 W/ActivityManager(  504): Activity pause timeout for ActivityRecord{414a7e88 u0 com.example.benchmarktool/.BenchmarkActivity}
10-20 18:37:41.012 W/ActivityManager(  504): Activity stop timeout for ActivityRecord{414a7e88 u0 com.example.benchmarktool/.BenchmarkActivity}
10-20 18:37:43.425 W/ActivityManager(  504): Launch timeout has expired, giving up wake lock!
10-20 18:37:43.435 W/ActivityManager(  504): Activity idle timeout for ActivityRecord{414a7e88 u0 com.example.benchmarktool/.BenchmarkActivity}
10-20 18:41:36.544 W/ActivityManager(  504): Activity pause timeout for ActivityRecord{41df59a0 u0 com.skype.raider/com.skype.android.app.calling.CallActivity}
10-20 18:46:33.420 W/ThrottleService(  504): unable to find stats for iface rmnet_usb0
10-20 18:51:07.813 W/ProcessStats(  504): Skipping unknown process pid 22854
10-20 18:51:07.813 W/ProcessStats(  504): Skipping unknown process pid 22856
10-20 18:51:53.912 W/ActivityManager(  504): No content provider found for permission revoke: file:///data/local/tmp/BenchmarkTool.apk
10-20 18:51:54.403 W/ActivityManager(  504): No content provider found for permission revoke: file:///data/local/tmp/BenchmarkTool.apk
10-20 18:51:55.074 W/PackageManager(  504): Code path for pkg : com.example.benchmarktool changing from /data/app/com.example.benchmarktool-2.apk to /data/app/com.example.benchmarktool-1.apk
10-20 18:51:55.074 W/PackageManager(  504): Resource path for pkg : com.example.benchmarktool changing from /data/app/com.example.benchmarktool-2.apk to /data/app/com.example.benchmarktool-1.apk
10-20 18:51:55.834 W/ContextImpl(23030): Calling a method in the system process without a qualified user: android.app.ContextImpl.startService:1352 android.content.ContextWrapper.startService:450 android.content.ContextWrapper.startService:450 com.android.keychain.KeyChainBroadcastReceiver.onReceive:12 android.app.ActivityThread.handleReceiver:2376 
10-20 18:51:59.969 W/ActivityManager(  504): Permission denied: checkComponentPermission() owningUid=10059
10-20 18:51:59.969 W/ActivityManager(  504): Permission denied: checkComponentPermission() owningUid=10059
10-20 18:52:00.049 W/ActivityManager(  504): Permission denied: checkComponentPermission() owningUid=10059
10-20 18:52:00.049 W/ActivityManager(  504): Permission denied: checkComponentPermission() owningUid=10059
10-20 18:52:00.069 W/ActivityManager(  504): Permission denied: checkComponentPermission() owningUid=10059
10-20 18:52:00.069 W/ActivityManager(  504): Permission denied: checkComponentPermission() owningUid=10059
10-20 18:52:00.199 W/ActivityManager(  504): Activity pause timeout for ActivityRecord{414a7e88 u0 com.example.benchmarktool/.BenchmarkActivity}
10-20 18:53:30.946 W/ActivityManager(  504): No content provider found for permission revoke: file:///data/local/tmp/BenchmarkTool.apk
10-20 18:53:31.236 W/ActivityManager(  504): No content provider found for permission revoke: file:///data/local/tmp/BenchmarkTool.apk
10-20 18:53:31.787 W/PackageManager(  504): Code path for pkg : com.example.benchmarktool changing from /data/app/com.example.benchmarktool-1.apk to /data/app/com.example.benchmarktool-2.apk
10-20 18:53:31.787 W/PackageManager(  504): Resource path for pkg : com.example.benchmarktool changing from /data/app/com.example.benchmarktool-1.apk to /data/app/com.example.benchmarktool-2.apk
10-20 18:53:32.127 W/ContextImpl(23030): Calling a method in the system process without a qualified user: android.app.ContextImpl.startService:1352 android.content.ContextWrapper.startService:450 android.content.ContextWrapper.startService:450 com.android.keychain.KeyChainBroadcastReceiver.onReceive:12 android.app.ActivityThread.handleReceiver:2376 
10-20 18:53:33.999 W/ActivityManager(  504): Permission denied: checkComponentPermission() owningUid=10059
10-20 18:53:33.999 W/ActivityManager(  504): Permission denied: checkComponentPermission() owningUid=10059
10-20 18:53:34.009 W/ActivityManager(  504): Permission denied: checkComponentPermission() owningUid=10059
10-20 18:53:34.009 W/ActivityManager(  504): Permission denied: checkComponentPermission() owningUid=10059
10-20 18:53:34.029 W/ActivityManager(  504): Permission denied: checkComponentPermission() owningUid=10059
10-20 18:53:34.029 W/ActivityManager(  504): Permission denied: checkComponentPermission() owningUid=10059
10-20 18:53:34.039 W/ActivityManager(  504): Permission denied: checkComponentPermission() owningUid=10059
10-20 18:53:34.039 W/ActivityManager(  504): Permission denied: checkComponentPermission() owningUid=10059
10-20 18:53:34.069 W/ActivityManager(  504): Permission denied: checkComponentPermission() owningUid=10059
10-20 18:53:34.069 W/ActivityManager(  504): Permission denied: checkComponentPermission() owningUid=10059
10-20 18:53:36.382 W/ActivityManager(  504): Activity pause timeout for ActivityRecord{414c1f28 u0 com.example.benchmarktool/.BenchmarkActivity}
10-20 18:54:11.699 W/ProcessStats(  504): Skipping unknown process pid 24341
10-20 18:54:11.699 W/ProcessStats(  504): Skipping unknown process pid 24343
10-20 18:54:34.944 W/ActivityManager(  504): startActivity called from non-Activity context; forcing Intent.FLAG_ACTIVITY_NEW_TASK for: Intent { act=android.intent.action.MAIN cat=[android.intent.category.LAUNCHER] cmp=com.quicinc.trepn/.userinterface.main.TrepnActivity bnds=[0,214][1196,342] }
10-20 18:56:33.421 W/ThrottleService(  504): unable to find stats for iface rmnet_usb0
10-20 18:57:00.159 W/ActivityManager(  504): No content provider found for permission revoke: file:///data/local/tmp/BenchmarkTool.apk
10-20 18:57:00.580 W/ActivityManager(  504): No content provider found for permission revoke: file:///data/local/tmp/BenchmarkTool.apk
10-20 18:57:01.180 W/PackageManager(  504): Code path for pkg : com.example.benchmarktool changing from /data/app/com.example.benchmarktool-2.apk to /data/app/com.example.benchmarktool-1.apk
10-20 18:57:01.180 W/PackageManager(  504): Resource path for pkg : com.example.benchmarktool changing from /data/app/com.example.benchmarktool-2.apk to /data/app/com.example.benchmarktool-1.apk
10-20 18:57:01.721 W/ContextImpl(25128): Calling a method in the system process without a qualified user: android.app.ContextImpl.startService:1352 android.content.ContextWrapper.startService:450 android.content.ContextWrapper.startService:450 com.android.keychain.KeyChainBroadcastReceiver.onReceive:12 android.app.ActivityThread.handleReceiver:2376 
10-20 18:57:05.305 W/ActivityManager(  504): Permission denied: checkComponentPermission() owningUid=10059
10-20 18:57:05.305 W/ActivityManager(  504): Permission denied: checkComponentPermission() owningUid=10059
